// Jest Snapshot v1, https://goo.gl/fbAQLP

exports[`Pruebas en <FirstApp /> Debe hacer un mattch con el snapshot 1`] = `
<div>
  <h1>
    Hola angel
  </h1>
  <p>
    No hay subtitulo
  </p>
</div>
`;
